Enter password: *****
Welcome to the MySQL monitor.  Commands end with ; or \g.
Your MySQL connection id is 6
Server version: 5.5.62 MySQL Community Server (GPL)

Copyright (c) 2000, 2018, Oracle and/or its affiliates. All rights reserved.

Oracle is a registered trademark of Oracle Corporation and/or its
affiliates. Other names may be trademarks of their respective
owners.

Type 'help;' or '\h' for help. Type '\c' to clear the current input statement.

mysql> create database vinay12345;
Query OK, 1 row affected (0.00 sec)

mysql> use vinay12345;
Database changed
mysql> create table shopping(palce char(5),items char(6),price int(10),offer int(10),payment int(5));
Query OK, 0 rows affected (0.22 sec)

mysql> desc shopping;
+---------+---------+------+-----+---------+-------+
| Field   | Type    | Null | Key | Default | Extra |
+---------+---------+------+-----+---------+-------+
| palce   | char(5) | YES  |     | NULL    |       |
| items   | char(6) | YES  |     | NULL    |       |
| price   | int(10) | YES  |     | NULL    |       |
| offer   | int(10) | YES  |     | NULL    |       |
| payment | int(5)  | YES  |     | NULL    |       |
+---------+---------+------+-----+---------+-------+
5 rows in set (0.01 sec)

mysql> alter table add persons char(12);
ERROR 1064 (42000): You have an error in your SQL syntax; check the manual that corresponds to your MySQL server version for the right syntax to use near 'add persons char(12)' at line 1
mysql> alter table shopping add persons char(10);
Query OK, 0 rows affected (0.21 sec)
Records: 0  Duplicates: 0  Warnings: 0

mysql> desc shopping;
+---------+----------+------+-----+---------+-------+
| Field   | Type     | Null | Key | Default | Extra |
+---------+----------+------+-----+---------+-------+
| palce   | char(5)  | YES  |     | NULL    |       |
| items   | char(6)  | YES  |     | NULL    |       |
| price   | int(10)  | YES  |     | NULL    |       |
| offer   | int(10)  | YES  |     | NULL    |       |
| payment | int(5)   | YES  |     | NULL    |       |
| persons | char(10) | YES  |     | NULL    |       |
+---------+----------+------+-----+---------+-------+
6 rows in set (0.00 sec)

mysql> drop table shopping;
Query OK, 0 rows affected (0.05 sec)

mysql> desc shopping;
ERROR 1146 (42S02): Table 'vinay12345.shopping' doesn't exist
mysql>